// Jest Snapshot v1, https://goo.gl/fbAQLP

exports[`PosterCard should render correctly 1`] = `
<div>
  <div
    className="MuiPaper-root MuiCard-root PosterCard-card-1 MuiPaper-elevation1 MuiPaper-rounded"
  >
    <div
      className="MuiCardMedia-root PosterCard-media-2"
      style={
        Object {
          "backgroundImage": "url(\\"/mock-poster.png\\")",
        }
      }
      title="Mock Movie 14"
    />
    <div
      className="MuiCardContent-root"
    >
      <h2
        className="MuiTypography-root MuiTypography-h5"
      >
        Mock Movie 14
      </h2>
      <p
        className="MuiTypography-root MuiTypography-body1"
      />
    </div>
    <div
      className="MuiCardActions-root MuiCardActions-spacing"
    />
  </div>
</div>
`;
